// Jest Snapshot v1, https://goo.gl/fbAQLP

exports[`<NewInvoiceForm/> handles customer select properly 1`] = `"<div class=\\"content\\"><form><div class=\\"invoices-title-container\\"><div class=\\"invoices-title\\">New Invoice</div><button type=\\"submit\\" class=\\"invoices-new-btn\\">Save Invoice</button></div><div class=\\"new-invoice-customer-details\\"><div class=\\"billto-cont\\"><span>Bill to</span><div class=\\"billto-details\\"><div style=\\"display: flex; flex-direction: column; resize: none; padding: 4px 4px 4px 4px; font-size: 0.9em;\\"><span>John Stones</span><span>2837495867</span><span>s@s.com</span></div><button type=\\"button\\" class=\\"billto-change-btn\\">Change</button></div></div><div style=\\"display: flex; flex-direction: column; width: 26%;\\"><span>Issued At</span><input type=\\"date\\" required=\\"\\" name=\\"issue\\" class=\\"date\\"></div><div style=\\"display: flex; flex-direction: column; width: 26%;\\"><span>Due Date</span><input type=\\"date\\" required=\\"\\" name=\\"due\\" class=\\"date\\"></div></div><div class=\\"new-invoice-table-cont\\"><table class=\\"new-invoice-table\\"><thead><tr><th>Items</th><th>Quantity</th><th>Price</th><th>Amount</th></tr></thead><tbody></tbody></table><button type=\\"button\\" class=\\"simple-btn add-item-btn\\">Add Item</button><div class=\\"select-cnt\\"></div></div></form><div class=\\"invoices-info-container\\"><div style=\\"display: flex; flex-direction: column;\\"><span>Notes</span><textarea style=\\"width: 80%;\\" class=\\"new-invoice-textarea\\" name=\\"notes\\" rows=\\"4\\"></textarea></div><div class=\\"invoices-info\\"><table class=\\"new-invoice-info-table\\"><tbody></tbody></table><hr width=\\"100%\\"><div style=\\"padding: 0px 10px 0px 6px; font-size: 0.92em; display: flex; justify-content: space-between;\\"><span>Total amount:</span><span style=\\"color: rgb(88, 81, 215);\\"><span>₹</span>0</span></div></div></div></div>"`;

exports[`<NewInvoiceForm/> handles item functionality correctly 1`] = `"<div class=\\"content\\"><form><div class=\\"invoices-title-container\\"><div class=\\"invoices-title\\">New Invoice</div><button type=\\"submit\\" class=\\"invoices-new-btn\\">Save Invoice</button></div><div class=\\"new-invoice-customer-details\\"><div class=\\"billto-cont\\"><span>Bill to</span><div class=\\"billto-details\\"><div style=\\"display: flex; flex-direction: column; resize: none; padding: 4px 4px 4px 4px; font-size: 0.9em;\\"><span></span><span></span><span></span></div></div><select style=\\"width: 100%; height: 26px;\\"><option class=\\"option\\">Select Item</option><option class=\\"option\\" value=\\"{&quot;id&quot;:&quot;cust_Fg0tl7Y2qra6SJ&quot;,&quot;entity&quot;:&quot;customer&quot;,&quot;name&quot;:&quot;David Silva&quot;,&quot;email&quot;:&quot;s@s.com&quot;,&quot;contact&quot;:&quot;2938475867&quot;,&quot;gstin&quot;:null,&quot;notes&quot;:[],&quot;created_at&quot;:1600764149}\\">David Silva</option><option class=\\"option\\" value=\\"{&quot;id&quot;:&quot;cust_FfeM7EaKLd8SOh&quot;,&quot;entity&quot;:&quot;customer&quot;,&quot;name&quot;:&quot;John Stones&quot;,&quot;email&quot;:&quot;s@s.com&quot;,&quot;contact&quot;:&quot;2837495867&quot;,&quot;gstin&quot;:null,&quot;notes&quot;:[],&quot;created_at&quot;:1600684763}\\">John Stones</option></select></div><div style=\\"display: flex; flex-direction: column; width: 26%;\\"><span>Issued At</span><input type=\\"date\\" required=\\"\\" name=\\"issue\\" class=\\"date\\"></div><div style=\\"display: flex; flex-direction: column; width: 26%;\\"><span>Due Date</span><input type=\\"date\\" required=\\"\\" name=\\"due\\" class=\\"date\\"></div></div><div class=\\"new-invoice-table-cont\\"><table class=\\"new-invoice-table\\"><thead><tr><th>Items</th><th>Quantity</th><th>Price</th><th>Amount</th></tr></thead><tbody><tr class=\\"tr\\"><td>Kora Kagaz</td><td align=\\"center\\"><input class=\\"new-invoice-quantity\\" type=\\"number\\" name=\\"quantity\\" min=\\"1\\" max=\\"5\\" required=\\"\\" value=\\"1\\"></td><td><span>₹</span>10</td><td><span>₹</span>10</td><td><button style=\\"font-size: 0.8em;\\" type=\\"button\\" class=\\"simple-btn\\">Delete</button></td></tr></tbody></table><button type=\\"button\\" class=\\"simple-btn add-item-btn\\">Add Item</button><div class=\\"select-cnt\\"></div></div></form><div class=\\"invoices-info-container\\"><div style=\\"display: flex; flex-direction: column;\\"><span>Notes</span><textarea style=\\"width: 80%;\\" class=\\"new-invoice-textarea\\" name=\\"notes\\" rows=\\"4\\"></textarea></div><div class=\\"invoices-info\\"><table class=\\"new-invoice-info-table\\"><tbody><tr><td>Kora Kagaz</td><td align=\\"right\\"><span>x</span>1</td><td align=\\"right\\"><span>₹</span>10</td></tr></tbody></table><hr width=\\"100%\\"><div style=\\"padding: 0px 10px 0px 6px; font-size: 0.92em; display: flex; justify-content: space-between;\\"><span>Total amount:</span><span style=\\"color: rgb(88, 81, 215);\\"><span>₹</span>10</span></div></div></div></div>"`;

exports[`<NewInvoiceForm/> handles item functionality correctly 2`] = `"<div class=\\"content\\"><form><div class=\\"invoices-title-container\\"><div class=\\"invoices-title\\">New Invoice</div><button type=\\"submit\\" class=\\"invoices-new-btn\\">Save Invoice</button></div><div class=\\"new-invoice-customer-details\\"><div class=\\"billto-cont\\"><span>Bill to</span><div class=\\"billto-details\\"><div style=\\"display: flex; flex-direction: column; resize: none; padding: 4px 4px 4px 4px; font-size: 0.9em;\\"><span></span><span></span><span></span></div></div><select style=\\"width: 100%; height: 26px;\\"><option class=\\"option\\">Select Item</option><option class=\\"option\\" value=\\"{&quot;id&quot;:&quot;cust_Fg0tl7Y2qra6SJ&quot;,&quot;entity&quot;:&quot;customer&quot;,&quot;name&quot;:&quot;David Silva&quot;,&quot;email&quot;:&quot;s@s.com&quot;,&quot;contact&quot;:&quot;2938475867&quot;,&quot;gstin&quot;:null,&quot;notes&quot;:[],&quot;created_at&quot;:1600764149}\\">David Silva</option><option class=\\"option\\" value=\\"{&quot;id&quot;:&quot;cust_FfeM7EaKLd8SOh&quot;,&quot;entity&quot;:&quot;customer&quot;,&quot;name&quot;:&quot;John Stones&quot;,&quot;email&quot;:&quot;s@s.com&quot;,&quot;contact&quot;:&quot;2837495867&quot;,&quot;gstin&quot;:null,&quot;notes&quot;:[],&quot;created_at&quot;:1600684763}\\">John Stones</option></select></div><div style=\\"display: flex; flex-direction: column; width: 26%;\\"><span>Issued At</span><input type=\\"date\\" required=\\"\\" name=\\"issue\\" class=\\"date\\"></div><div style=\\"display: flex; flex-direction: column; width: 26%;\\"><span>Due Date</span><input type=\\"date\\" required=\\"\\" name=\\"due\\" class=\\"date\\"></div></div><div class=\\"new-invoice-table-cont\\"><table class=\\"new-invoice-table\\"><thead><tr><th>Items</th><th>Quantity</th><th>Price</th><th>Amount</th></tr></thead><tbody><tr class=\\"tr\\"><td>Kora Kagaz</td><td align=\\"center\\"><input class=\\"new-invoice-quantity\\" type=\\"number\\" name=\\"quantity\\" min=\\"1\\" max=\\"5\\" required=\\"\\" value=\\"1\\"></td><td><span>₹</span>10</td><td><span>₹</span>10</td><td><button style=\\"font-size: 0.8em;\\" type=\\"button\\" class=\\"simple-btn\\">Delete</button></td></tr><tr class=\\"tr\\"><td>disc</td><td align=\\"center\\"><input class=\\"new-invoice-quantity\\" type=\\"number\\" name=\\"quantity\\" min=\\"1\\" max=\\"5\\" required=\\"\\" value=\\"1\\"></td><td><span>₹</span>300</td><td><span>₹</span>300</td><td><button style=\\"font-size: 0.8em;\\" type=\\"button\\" class=\\"simple-btn\\">Delete</button></td></tr></tbody></table><button type=\\"button\\" class=\\"simple-btn add-item-btn\\">Add Item</button><div class=\\"select-cnt\\"></div></div></form><div class=\\"invoices-info-container\\"><div style=\\"display: flex; flex-direction: column;\\"><span>Notes</span><textarea style=\\"width: 80%;\\" class=\\"new-invoice-textarea\\" name=\\"notes\\" rows=\\"4\\"></textarea></div><div class=\\"invoices-info\\"><table class=\\"new-invoice-info-table\\"><tbody><tr><td>Kora Kagaz</td><td align=\\"right\\"><span>x</span>1</td><td align=\\"right\\"><span>₹</span>10</td></tr><tr><td>disc</td><td align=\\"right\\"><span>x</span>1</td><td align=\\"right\\"><span>₹</span>300</td></tr></tbody></table><hr width=\\"100%\\"><div style=\\"padding: 0px 10px 0px 6px; font-size: 0.92em; display: flex; justify-content: space-between;\\"><span>Total amount:</span><span style=\\"color: rgb(88, 81, 215);\\"><span>₹</span>310</span></div></div></div></div>"`;

exports[`<NewInvoiceForm/> handles item functionality correctly 3`] = `"<div class=\\"content\\"><form><div class=\\"invoices-title-container\\"><div class=\\"invoices-title\\">New Invoice</div><button type=\\"submit\\" class=\\"invoices-new-btn\\">Save Invoice</button></div><div class=\\"new-invoice-customer-details\\"><div class=\\"billto-cont\\"><span>Bill to</span><div class=\\"billto-details\\"><div style=\\"display: flex; flex-direction: column; resize: none; padding: 4px 4px 4px 4px; font-size: 0.9em;\\"><span></span><span></span><span></span></div></div><select style=\\"width: 100%; height: 26px;\\"><option class=\\"option\\">Select Item</option><option class=\\"option\\" value=\\"{&quot;id&quot;:&quot;cust_Fg0tl7Y2qra6SJ&quot;,&quot;entity&quot;:&quot;customer&quot;,&quot;name&quot;:&quot;David Silva&quot;,&quot;email&quot;:&quot;s@s.com&quot;,&quot;contact&quot;:&quot;2938475867&quot;,&quot;gstin&quot;:null,&quot;notes&quot;:[],&quot;created_at&quot;:1600764149}\\">David Silva</option><option class=\\"option\\" value=\\"{&quot;id&quot;:&quot;cust_FfeM7EaKLd8SOh&quot;,&quot;entity&quot;:&quot;customer&quot;,&quot;name&quot;:&quot;John Stones&quot;,&quot;email&quot;:&quot;s@s.com&quot;,&quot;contact&quot;:&quot;2837495867&quot;,&quot;gstin&quot;:null,&quot;notes&quot;:[],&quot;created_at&quot;:1600684763}\\">John Stones</option></select></div><div style=\\"display: flex; flex-direction: column; width: 26%;\\"><span>Issued At</span><input type=\\"date\\" required=\\"\\" name=\\"issue\\" class=\\"date\\"></div><div style=\\"display: flex; flex-direction: column; width: 26%;\\"><span>Due Date</span><input type=\\"date\\" required=\\"\\" name=\\"due\\" class=\\"date\\"></div></div><div class=\\"new-invoice-table-cont\\"><table class=\\"new-invoice-table\\"><thead><tr><th>Items</th><th>Quantity</th><th>Price</th><th>Amount</th></tr></thead><tbody><tr class=\\"tr\\"><td>disc</td><td align=\\"center\\"><input class=\\"new-invoice-quantity\\" type=\\"number\\" name=\\"quantity\\" min=\\"1\\" max=\\"5\\" required=\\"\\" value=\\"1\\"></td><td><span>₹</span>300</td><td><span>₹</span>300</td><td><button style=\\"font-size: 0.8em;\\" type=\\"button\\" class=\\"simple-btn\\">Delete</button></td></tr></tbody></table><button type=\\"button\\" class=\\"simple-btn add-item-btn\\">Add Item</button><div class=\\"select-cnt\\"></div></div></form><div class=\\"invoices-info-container\\"><div style=\\"display: flex; flex-direction: column;\\"><span>Notes</span><textarea style=\\"width: 80%;\\" class=\\"new-invoice-textarea\\" name=\\"notes\\" rows=\\"4\\"></textarea></div><div class=\\"invoices-info\\"><table class=\\"new-invoice-info-table\\"><tbody><tr><td>disc</td><td align=\\"right\\"><span>x</span>1</td><td align=\\"right\\"><span>₹</span>300</td></tr></tbody></table><hr width=\\"100%\\"><div style=\\"padding: 0px 10px 0px 6px; font-size: 0.92em; display: flex; justify-content: space-between;\\"><span>Total amount:</span><span style=\\"color: rgb(88, 81, 215);\\"><span>₹</span>300</span></div></div></div></div>"`;

exports[`<NewInvoiceForm/> renders loader image when in data is loaded 1`] = `"<div class=\\"content\\"><form><div class=\\"invoices-title-container\\"><div class=\\"invoices-title\\">New Invoice</div><button type=\\"submit\\" class=\\"invoices-new-btn\\">Save Invoice</button></div><div class=\\"new-invoice-customer-details\\"><div class=\\"billto-cont\\"><span>Bill to</span><div class=\\"billto-details\\"><div style=\\"display: flex; flex-direction: column; resize: none; padding: 4px 4px 4px 4px; font-size: 0.9em;\\"><span></span><span></span><span></span></div></div><select style=\\"width: 100%; height: 26px;\\"><option class=\\"option\\">Select Item</option><option class=\\"option\\" value=\\"{&quot;id&quot;:&quot;cust_Fg0tl7Y2qra6SJ&quot;,&quot;entity&quot;:&quot;customer&quot;,&quot;name&quot;:&quot;David Silva&quot;,&quot;email&quot;:&quot;s@s.com&quot;,&quot;contact&quot;:&quot;2938475867&quot;,&quot;gstin&quot;:null,&quot;notes&quot;:[],&quot;created_at&quot;:1600764149}\\">David Silva</option><option class=\\"option\\" value=\\"{&quot;id&quot;:&quot;cust_FfeM7EaKLd8SOh&quot;,&quot;entity&quot;:&quot;customer&quot;,&quot;name&quot;:&quot;John Stones&quot;,&quot;email&quot;:&quot;s@s.com&quot;,&quot;contact&quot;:&quot;2837495867&quot;,&quot;gstin&quot;:null,&quot;notes&quot;:[],&quot;created_at&quot;:1600684763}\\">John Stones</option></select></div><div style=\\"display: flex; flex-direction: column; width: 26%;\\"><span>Issued At</span><input type=\\"date\\" required=\\"\\" name=\\"issue\\" class=\\"date\\"></div><div style=\\"display: flex; flex-direction: column; width: 26%;\\"><span>Due Date</span><input type=\\"date\\" required=\\"\\" name=\\"due\\" class=\\"date\\"></div></div><div class=\\"new-invoice-table-cont\\"><table class=\\"new-invoice-table\\"><thead><tr><th>Items</th><th>Quantity</th><th>Price</th><th>Amount</th></tr></thead><tbody></tbody></table><button type=\\"button\\" class=\\"simple-btn add-item-btn\\">Add Item</button><div class=\\"select-cnt\\"></div></div></form><div class=\\"invoices-info-container\\"><div style=\\"display: flex; flex-direction: column;\\"><span>Notes</span><textarea style=\\"width: 80%;\\" class=\\"new-invoice-textarea\\" name=\\"notes\\" rows=\\"4\\"></textarea></div><div class=\\"invoices-info\\"><table class=\\"new-invoice-info-table\\"><tbody></tbody></table><hr width=\\"100%\\"><div style=\\"padding: 0px 10px 0px 6px; font-size: 0.92em; display: flex; justify-content: space-between;\\"><span>Total amount:</span><span style=\\"color: rgb(88, 81, 215);\\"><span>₹</span>0</span></div></div></div></div>"`;

exports[`<NewInvoiceForm/> renders loader image when in data is not loaded 1`] = `"<div class=\\"loader-container\\"><svg viewBox=\\"0 0 100 100\\" xmlns=\\"http://www.w3.org/2000/svg\\"><circle cx=\\"50\\" cy=\\"50\\" r=\\"45\\"></circle></svg></div>"`;
