// Jest Snapshot v1, https://goo.gl/fbAQLP

exports[`Testing InvoicesList component if it handles fetch errors 1`] = `"<div class=\\"loader-container\\"><svg viewBox=\\"0 0 100 100\\" xmlns=\\"http://www.w3.org/2000/svg\\"><circle cx=\\"50\\" cy=\\"50\\" r=\\"45\\"></circle></svg></div>"`;

exports[`Testing InvoicesList component if it makes fetch calls 1`] = `"<div class=\\"content\\"><div class=\\"invoices-title-container\\"><div class=\\"invoices-title\\">Invoices</div><a href=\\"/Invoices/New\\"><button type=\\"button\\" class=\\"invoices-new-btn\\">+ New Invoice</button></a></div><div><table class=\\"table\\"><thead><tr><th>DATE</th><th>CUSTOMER</th><th>STATUS</th><th>AMOUNT</th><th>AMOUNT DUE</th></tr></thead><tbody><tr class=\\"tr\\"><td>Fri Sep 25 2020</td><td>Parmanad</td><td>ISSUED</td><td>300</td><td>300</td></tr></tbody></table></div></div>"`;

exports[`Testing InvoicesList component if it renders loader 1`] = `
<div
  className="loader-container"
>
  <svg
    viewBox="0 0 100 100"
    xmlns="http://www.w3.org/2000/svg"
  >
    <circle
      cx="50"
      cy="50"
      r="45"
    />
  </svg>
</div>
`;
