// Jest Snapshot v1, https://goo.gl/fbAQLP

exports[`Testing ItemsList component if it handles fetch errors 1`] = `"<div class=\\"loader-container\\"><svg viewBox=\\"0 0 100 100\\" xmlns=\\"http://www.w3.org/2000/svg\\"><circle cx=\\"50\\" cy=\\"50\\" r=\\"45\\"></circle></svg></div>"`;

exports[`Testing ItemsList component if it makes fetch calls 1`] = `"<div class=\\"content\\"><div class=\\"items-title-container\\"><div class=\\"items-title\\">Items</div><a href=\\"/Items/New\\"><button type=\\"button\\" class=\\"items-new-btn\\">+ New Item</button></a></div><div><table class=\\"table\\"><thead><tr><th>NAME</th><th>DESCRIPTION</th><th>AMOUNT</th><th>CURRENCY</th></tr></thead><tbody><tr class=\\"tr\\"><td>Kora Kagaz</td><td></td><td>10</td><td>INR</td></tr><tr class=\\"tr\\"><td>disc</td><td>disc</td><td>300</td><td>INR</td></tr></tbody></table></div></div>"`;

exports[`Testing ItemsList component if it renders loader 1`] = `
<div
  className="loader-container"
>
  <svg
    viewBox="0 0 100 100"
    xmlns="http://www.w3.org/2000/svg"
  >
    <circle
      cx="50"
      cy="50"
      r="45"
    />
  </svg>
</div>
`;
